// Jest Snapshot v1, https://goo.gl/fbAQLP

exports[`Snapshot 1`] = `
Object {
  "Outputs": Object {
    "testExporttestVpcavailabilityZones": Object {
      "Export": Object {
        "Name": "testExport-testVpc-availabilityZones",
      },
      "Value": Object {
        "Fn::Join": Array [
          "",
          Array [
            Object {
              "Fn::Select": Array [
                0,
                Object {
                  "Fn::GetAZs": "",
                },
              ],
            },
            ",",
            Object {
              "Fn::Select": Array [
                1,
                Object {
                  "Fn::GetAZs": "",
                },
              ],
            },
          ],
        ],
      },
    },
    "testExporttestVpcisolatedRouteTableIds": Object {
      "Export": Object {
        "Name": "testExport-testVpc-isolatedRouteTableIds",
      },
      "Value": Object {
        "Fn::Join": Array [
          "",
          Array [
            Object {
              "Ref": "testVpcisolatedSubnet1RouteTable024A87DA",
            },
            ",",
            Object {
              "Ref": "testVpcisolatedSubnet2RouteTable91503A40",
            },
          ],
        ],
      },
    },
    "testExporttestVpcisolatedSubnets": Object {
      "Export": Object {
        "Name": "testExport-testVpc-isolatedSubnets",
      },
      "Value": Object {
        "Fn::Join": Array [
          "",
          Array [
            Object {
              "Ref": "testVpcisolatedSubnet1Subnet8954A677",
            },
            ",",
            Object {
              "Ref": "testVpcisolatedSubnet2Subnet5402C85D",
            },
          ],
        ],
      },
    },
    "testExporttestVpcprivateRouteTableIds": Object {
      "Export": Object {
        "Name": "testExport-testVpc-privateRouteTableIds",
      },
      "Value": Object {
        "Fn::Join": Array [
          "",
          Array [
            Object {
              "Ref": "testVpcprivateSubnet1RouteTable9E85C1BE",
            },
            ",",
            Object {
              "Ref": "testVpcprivateSubnet2RouteTableD02911C2",
            },
          ],
        ],
      },
    },
    "testExporttestVpcprivateSubnets": Object {
      "Export": Object {
        "Name": "testExport-testVpc-privateSubnets",
      },
      "Value": Object {
        "Fn::Join": Array [
          "",
          Array [
            Object {
              "Ref": "testVpcprivateSubnet1Subnet57A92184",
            },
            ",",
            Object {
              "Ref": "testVpcprivateSubnet2SubnetB7B5DCC7",
            },
          ],
        ],
      },
    },
    "testExporttestVpcpublicRouteTableIds": Object {
      "Export": Object {
        "Name": "testExport-testVpc-publicRouteTableIds",
      },
      "Value": Object {
        "Fn::Join": Array [
          "",
          Array [
            Object {
              "Ref": "testVpcpublicSubnet1RouteTableA92BEDE8",
            },
            ",",
            Object {
              "Ref": "testVpcpublicSubnet2RouteTable5620AB76",
            },
          ],
        ],
      },
    },
    "testExporttestVpcpublicSubnets": Object {
      "Export": Object {
        "Name": "testExport-testVpc-publicSubnets",
      },
      "Value": Object {
        "Fn::Join": Array [
          "",
          Array [
            Object {
              "Ref": "testVpcpublicSubnet1Subnet1DED695E",
            },
            ",",
            Object {
              "Ref": "testVpcpublicSubnet2Subnet8A5922AE",
            },
          ],
        ],
      },
    },
    "testExporttestVpcvpcId": Object {
      "Export": Object {
        "Name": "testExport-testVpc-vpcId",
      },
      "Value": Object {
        "Ref": "testVpcCB3A84F3",
      },
    },
  },
  "Resources": Object {
    "testVpcCB3A84F3": Object {
      "Properties": Object {
        "CidrBlock": "10.0.0.0/16",
        "EnableDnsHostnames": true,
        "EnableDnsSupport": true,
        "InstanceTenancy": "default",
        "Tags": Array [
          Object {
            "Key": "Name",
            "Value": "testExport/testVpc",
          },
        ],
      },
      "Type": "AWS::EC2::VPC",
    },
    "testVpcIGW8765943D": Object {
      "Properties": Object {
        "Tags": Array [
          Object {
            "Key": "Name",
            "Value": "testExport/testVpc",
          },
        ],
      },
      "Type": "AWS::EC2::InternetGateway",
    },
    "testVpcVPCGWD6E219A3": Object {
      "Properties": Object {
        "InternetGatewayId": Object {
          "Ref": "testVpcIGW8765943D",
        },
        "VpcId": Object {
          "Ref": "testVpcCB3A84F3",
        },
      },
      "Type": "AWS::EC2::VPCGatewayAttachment",
    },
    "testVpcisolatedSubnet1RouteTable024A87DA": Object {
      "Properties": Object {
        "Tags": Array [
          Object {
            "Key": "Name",
            "Value": "testExport/testVpc/isolatedSubnet1",
          },
        ],
        "VpcId": Object {
          "Ref": "testVpcCB3A84F3",
        },
      },
      "Type": "AWS::EC2::RouteTable",
    },
    "testVpcisolatedSubnet1RouteTableAssociationF1704DC2": Object {
      "Properties": Object {
        "RouteTableId": Object {
          "Ref": "testVpcisolatedSubnet1RouteTable024A87DA",
        },
        "SubnetId": Object {
          "Ref": "testVpcisolatedSubnet1Subnet8954A677",
        },
      },
      "Type": "AWS::EC2::SubnetRouteTableAssociation",
    },
    "testVpcisolatedSubnet1Subnet8954A677": Object {
      "Properties": Object {
        "AvailabilityZone": Object {
          "Fn::Select": Array [
            0,
            Object {
              "Fn::GetAZs": "",
            },
          ],
        },
        "CidrBlock": "10.0.0.0/22",
        "MapPublicIpOnLaunch": false,
        "Tags": Array [
          Object {
            "Key": "aws-cdk:subnet-name",
            "Value": "isolated",
          },
          Object {
            "Key": "aws-cdk:subnet-type",
            "Value": "Isolated",
          },
          Object {
            "Key": "Name",
            "Value": "testExport/testVpc/isolatedSubnet1",
          },
        ],
        "VpcId": Object {
          "Ref": "testVpcCB3A84F3",
        },
      },
      "Type": "AWS::EC2::Subnet",
    },
    "testVpcisolatedSubnet2RouteTable91503A40": Object {
      "Properties": Object {
        "Tags": Array [
          Object {
            "Key": "Name",
            "Value": "testExport/testVpc/isolatedSubnet2",
          },
        ],
        "VpcId": Object {
          "Ref": "testVpcCB3A84F3",
        },
      },
      "Type": "AWS::EC2::RouteTable",
    },
    "testVpcisolatedSubnet2RouteTableAssociation581D3C71": Object {
      "Properties": Object {
        "RouteTableId": Object {
          "Ref": "testVpcisolatedSubnet2RouteTable91503A40",
        },
        "SubnetId": Object {
          "Ref": "testVpcisolatedSubnet2Subnet5402C85D",
        },
      },
      "Type": "AWS::EC2::SubnetRouteTableAssociation",
    },
    "testVpcisolatedSubnet2Subnet5402C85D": Object {
      "Properties": Object {
        "AvailabilityZone": Object {
          "Fn::Select": Array [
            1,
            Object {
              "Fn::GetAZs": "",
            },
          ],
        },
        "CidrBlock": "10.0.4.0/22",
        "MapPublicIpOnLaunch": false,
        "Tags": Array [
          Object {
            "Key": "aws-cdk:subnet-name",
            "Value": "isolated",
          },
          Object {
            "Key": "aws-cdk:subnet-type",
            "Value": "Isolated",
          },
          Object {
            "Key": "Name",
            "Value": "testExport/testVpc/isolatedSubnet2",
          },
        ],
        "VpcId": Object {
          "Ref": "testVpcCB3A84F3",
        },
      },
      "Type": "AWS::EC2::Subnet",
    },
    "testVpcprivateSubnet1DefaultRoute5B5BBC62": Object {
      "Properties": Object {
        "DestinationCidrBlock": "0.0.0.0/0",
        "NatGatewayId": Object {
          "Ref": "testVpcpublicSubnet1NATGateway091FC1F0",
        },
        "RouteTableId": Object {
          "Ref": "testVpcprivateSubnet1RouteTable9E85C1BE",
        },
      },
      "Type": "AWS::EC2::Route",
    },
    "testVpcprivateSubnet1RouteTable9E85C1BE": Object {
      "Properties": Object {
        "Tags": Array [
          Object {
            "Key": "Name",
            "Value": "testExport/testVpc/privateSubnet1",
          },
        ],
        "VpcId": Object {
          "Ref": "testVpcCB3A84F3",
        },
      },
      "Type": "AWS::EC2::RouteTable",
    },
    "testVpcprivateSubnet1RouteTableAssociation824288FC": Object {
      "Properties": Object {
        "RouteTableId": Object {
          "Ref": "testVpcprivateSubnet1RouteTable9E85C1BE",
        },
        "SubnetId": Object {
          "Ref": "testVpcprivateSubnet1Subnet57A92184",
        },
      },
      "Type": "AWS::EC2::SubnetRouteTableAssociation",
    },
    "testVpcprivateSubnet1Subnet57A92184": Object {
      "Properties": Object {
        "AvailabilityZone": Object {
          "Fn::Select": Array [
            0,
            Object {
              "Fn::GetAZs": "",
            },
          ],
        },
        "CidrBlock": "10.0.8.0/22",
        "MapPublicIpOnLaunch": false,
        "Tags": Array [
          Object {
            "Key": "aws-cdk:subnet-name",
            "Value": "private",
          },
          Object {
            "Key": "aws-cdk:subnet-type",
            "Value": "Private",
          },
          Object {
            "Key": "Name",
            "Value": "testExport/testVpc/privateSubnet1",
          },
        ],
        "VpcId": Object {
          "Ref": "testVpcCB3A84F3",
        },
      },
      "Type": "AWS::EC2::Subnet",
    },
    "testVpcprivateSubnet2DefaultRouteF84B2517": Object {
      "Properties": Object {
        "DestinationCidrBlock": "0.0.0.0/0",
        "NatGatewayId": Object {
          "Ref": "testVpcpublicSubnet2NATGatewayAE707CA3",
        },
        "RouteTableId": Object {
          "Ref": "testVpcprivateSubnet2RouteTableD02911C2",
        },
      },
      "Type": "AWS::EC2::Route",
    },
    "testVpcprivateSubnet2RouteTableAssociationFF59F07C": Object {
      "Properties": Object {
        "RouteTableId": Object {
          "Ref": "testVpcprivateSubnet2RouteTableD02911C2",
        },
        "SubnetId": Object {
          "Ref": "testVpcprivateSubnet2SubnetB7B5DCC7",
        },
      },
      "Type": "AWS::EC2::SubnetRouteTableAssociation",
    },
    "testVpcprivateSubnet2RouteTableD02911C2": Object {
      "Properties": Object {
        "Tags": Array [
          Object {
            "Key": "Name",
            "Value": "testExport/testVpc/privateSubnet2",
          },
        ],
        "VpcId": Object {
          "Ref": "testVpcCB3A84F3",
        },
      },
      "Type": "AWS::EC2::RouteTable",
    },
    "testVpcprivateSubnet2SubnetB7B5DCC7": Object {
      "Properties": Object {
        "AvailabilityZone": Object {
          "Fn::Select": Array [
            1,
            Object {
              "Fn::GetAZs": "",
            },
          ],
        },
        "CidrBlock": "10.0.12.0/22",
        "MapPublicIpOnLaunch": false,
        "Tags": Array [
          Object {
            "Key": "aws-cdk:subnet-name",
            "Value": "private",
          },
          Object {
            "Key": "aws-cdk:subnet-type",
            "Value": "Private",
          },
          Object {
            "Key": "Name",
            "Value": "testExport/testVpc/privateSubnet2",
          },
        ],
        "VpcId": Object {
          "Ref": "testVpcCB3A84F3",
        },
      },
      "Type": "AWS::EC2::Subnet",
    },
    "testVpcpublicSubnet1DefaultRoute2568ED69": Object {
      "DependsOn": Array [
        "testVpcVPCGWD6E219A3",
      ],
      "Properties": Object {
        "DestinationCidrBlock": "0.0.0.0/0",
        "GatewayId": Object {
          "Ref": "testVpcIGW8765943D",
        },
        "RouteTableId": Object {
          "Ref": "testVpcpublicSubnet1RouteTableA92BEDE8",
        },
      },
      "Type": "AWS::EC2::Route",
    },
    "testVpcpublicSubnet1EIPCFD44F97": Object {
      "Properties": Object {
        "Domain": "vpc",
        "Tags": Array [
          Object {
            "Key": "Name",
            "Value": "testExport/testVpc/publicSubnet1",
          },
        ],
      },
      "Type": "AWS::EC2::EIP",
    },
    "testVpcpublicSubnet1NATGateway091FC1F0": Object {
      "Properties": Object {
        "AllocationId": Object {
          "Fn::GetAtt": Array [
            "testVpcpublicSubnet1EIPCFD44F97",
            "AllocationId",
          ],
        },
        "SubnetId": Object {
          "Ref": "testVpcpublicSubnet1Subnet1DED695E",
        },
        "Tags": Array [
          Object {
            "Key": "Name",
            "Value": "testExport/testVpc/publicSubnet1",
          },
        ],
      },
      "Type": "AWS::EC2::NatGateway",
    },
    "testVpcpublicSubnet1RouteTableA92BEDE8": Object {
      "Properties": Object {
        "Tags": Array [
          Object {
            "Key": "Name",
            "Value": "testExport/testVpc/publicSubnet1",
          },
        ],
        "VpcId": Object {
          "Ref": "testVpcCB3A84F3",
        },
      },
      "Type": "AWS::EC2::RouteTable",
    },
    "testVpcpublicSubnet1RouteTableAssociation39286FFF": Object {
      "Properties": Object {
        "RouteTableId": Object {
          "Ref": "testVpcpublicSubnet1RouteTableA92BEDE8",
        },
        "SubnetId": Object {
          "Ref": "testVpcpublicSubnet1Subnet1DED695E",
        },
      },
      "Type": "AWS::EC2::SubnetRouteTableAssociation",
    },
    "testVpcpublicSubnet1Subnet1DED695E": Object {
      "Properties": Object {
        "AvailabilityZone": Object {
          "Fn::Select": Array [
            0,
            Object {
              "Fn::GetAZs": "",
            },
          ],
        },
        "CidrBlock": "10.0.16.0/22",
        "MapPublicIpOnLaunch": true,
        "Tags": Array [
          Object {
            "Key": "aws-cdk:subnet-name",
            "Value": "public",
          },
          Object {
            "Key": "aws-cdk:subnet-type",
            "Value": "Public",
          },
          Object {
            "Key": "Name",
            "Value": "testExport/testVpc/publicSubnet1",
          },
        ],
        "VpcId": Object {
          "Ref": "testVpcCB3A84F3",
        },
      },
      "Type": "AWS::EC2::Subnet",
    },
    "testVpcpublicSubnet2DefaultRoute11C518BE": Object {
      "DependsOn": Array [
        "testVpcVPCGWD6E219A3",
      ],
      "Properties": Object {
        "DestinationCidrBlock": "0.0.0.0/0",
        "GatewayId": Object {
          "Ref": "testVpcIGW8765943D",
        },
        "RouteTableId": Object {
          "Ref": "testVpcpublicSubnet2RouteTable5620AB76",
        },
      },
      "Type": "AWS::EC2::Route",
    },
    "testVpcpublicSubnet2EIPE46BA58A": Object {
      "Properties": Object {
        "Domain": "vpc",
        "Tags": Array [
          Object {
            "Key": "Name",
            "Value": "testExport/testVpc/publicSubnet2",
          },
        ],
      },
      "Type": "AWS::EC2::EIP",
    },
    "testVpcpublicSubnet2NATGatewayAE707CA3": Object {
      "Properties": Object {
        "AllocationId": Object {
          "Fn::GetAtt": Array [
            "testVpcpublicSubnet2EIPE46BA58A",
            "AllocationId",
          ],
        },
        "SubnetId": Object {
          "Ref": "testVpcpublicSubnet2Subnet8A5922AE",
        },
        "Tags": Array [
          Object {
            "Key": "Name",
            "Value": "testExport/testVpc/publicSubnet2",
          },
        ],
      },
      "Type": "AWS::EC2::NatGateway",
    },
    "testVpcpublicSubnet2RouteTable5620AB76": Object {
      "Properties": Object {
        "Tags": Array [
          Object {
            "Key": "Name",
            "Value": "testExport/testVpc/publicSubnet2",
          },
        ],
        "VpcId": Object {
          "Ref": "testVpcCB3A84F3",
        },
      },
      "Type": "AWS::EC2::RouteTable",
    },
    "testVpcpublicSubnet2RouteTableAssociationAE36E690": Object {
      "Properties": Object {
        "RouteTableId": Object {
          "Ref": "testVpcpublicSubnet2RouteTable5620AB76",
        },
        "SubnetId": Object {
          "Ref": "testVpcpublicSubnet2Subnet8A5922AE",
        },
      },
      "Type": "AWS::EC2::SubnetRouteTableAssociation",
    },
    "testVpcpublicSubnet2Subnet8A5922AE": Object {
      "Properties": Object {
        "AvailabilityZone": Object {
          "Fn::Select": Array [
            1,
            Object {
              "Fn::GetAZs": "",
            },
          ],
        },
        "CidrBlock": "10.0.20.0/22",
        "MapPublicIpOnLaunch": true,
        "Tags": Array [
          Object {
            "Key": "aws-cdk:subnet-name",
            "Value": "public",
          },
          Object {
            "Key": "aws-cdk:subnet-type",
            "Value": "Public",
          },
          Object {
            "Key": "Name",
            "Value": "testExport/testVpc/publicSubnet2",
          },
        ],
        "VpcId": Object {
          "Ref": "testVpcCB3A84F3",
        },
      },
      "Type": "AWS::EC2::Subnet",
    },
  },
}
`;

exports[`Snapshot 2`] = `Object {}`;
